{
    "kraken": {
        "content": [
            "3002274_test_kraken_out.txt:md5,8275c25b85029e71ad9a543f6af83a82"
        ],
        "meta": {
            "nf-test": "0.9.3",
            "nextflow": "25.10.2"
        },
        "timestamp": "2026-02-25T15:25:41.291117629"
    },
    "graphaligner": {
        "content": [
            "3002274_test_GA_locus.tsv:md5,696ca2ee33e68f7f903cdf3fd32069bd"
        ],
        "meta": {
            "nf-test": "0.9.3",
            "nextflow": "25.10.2"
        },
        "timestamp": "2026-02-25T15:25:41.254033436"
    }
}